MIF/HEX Update report for LSM64_LSM
Sun Nov 25 15:24:49 2012
Quartus II Version 11.0 Build 157 04/27/2011 SJ Full Version


---------------------
; Table of Contents ;
---------------------
  1. Legal Notice
  2. MIF/HEX Update Summary
  3. MIF/HEX Update Processed Files
  4. MIF/HEX Update Messages



----------------
; Legal Notice ;
----------------
Copyright (C) 1991-2011 Altera Corporation
Your use of Altera Corporation's design tools, logic functions 
and other software and tools, and its AMPP partner logic 
functions, and any output files from any of the foregoing 
(including device programming or simulation files), and any 
associated documentation or information are expressly subject 
to the terms and conditions of the Altera Program License 
Subscription Agreement, Altera MegaCore Function License 
Agreement, or other applicable license agreement, including, 
without limitation, that your use is for the sole purpose of 
programming logic devices manufactured by Altera and sold by 
Altera or its authorized distributors.  Please refer to the 
applicable agreement for further details.



+-----------------------------------------------------------+
; MIF/HEX Update Summary                                    ;
+-----------------------+-----------------------------------+
; MIF/HEX Update Status ; Failed - Sun Nov 25 15:24:49 2012 ;
; Revision Name         ; LSM64_LSM                         ;
; Top-level Entity Name ; PLM_4                             ;
; Family                ; Cyclone IV GX                     ;
; Device                ; EP4CGX15BF14C6                    ;
+-----------------------+-----------------------------------+


+--------------------------------+
; MIF/HEX Update Processed Files ;
+--------------------------------+
; File Name                      ;
+--------------------------------+


+-------------------------+
; MIF/HEX Update Messages ;
+-------------------------+
Info: *******************************************************************
Info: Running Quartus II MIF/HEX Update
    Info: Version 11.0 Build 157 04/27/2011 SJ Full Version
    Info: Processing started: Sun Nov 25 15:24:47 2012
Info: Command: quartus_cdb lab2 -c LSM64_LSM --update_mif
Error: Found no Memory Initialization Files to process
Error: Quartus II MIF/HEX Update was unsuccessful. 1 error, 0 warnings
    Error: Peak virtual memory: 432 megabytes
    Error: Processing ended: Sun Nov 25 15:24:49 2012
    Error: Elapsed time: 00:00:02
    Error: Total CPU time (on all processors): 00:00:01


