SOURCE: ..\..\vector_f1.adb
  SRCTIME: 1253739248    Wed Sep 23 23:54:08 2009
  UNIT: Vector_F1
    UKIND: 8    PKG_BODY
ENDSOURCE
SOURCE: ..\..\vector_f1.ads
  SRCTIME: 1253739116    Wed Sep 23 23:51:56 2009
  UNIT: Vector_F1
    UKIND: 9    PKG_GENERIC
ENDSOURCE
SOURCE: ..\..\vector_f1-matrix_f2-f3.adb
  SRCTIME: 1253739715    Thu Sep 24 00:01:55 2009
  UNIT: Vector_F1.Matrix_F2.F3
    UKIND: 8    PKG_BODY
ENDSOURCE
SOURCE: ..\..\vector_f1-matrix_f2-f3.ads
  SRCTIME: 1253740302    Thu Sep 24 00:11:42 2009
  INVALID: True
  UNIT: Vector_F1.Matrix_F2.F3
    UKIND: 9    PKG_GENERIC
ENDSOURCE
SOURCE: ..\..\vector_f1-matrix_f2.adb
  SRCTIME: 1253739532    Wed Sep 23 23:58:52 2009
  UNIT: Vector_F1.Matrix_F2
    UKIND: 8    PKG_BODY
ENDSOURCE
SOURCE: ..\..\vector_f1-matrix_f2.ads
  SRCTIME: 1253739628    Thu Sep 24 00:00:28 2009
  UNIT: Vector_F1.Matrix_F2
    UKIND: 9    PKG_GENERIC
ENDSOURCE
SOURCE: ..\..\vector_f1-matrix_f2-fio.adb
  SRCTIME: 1253739890    Thu Sep 24 00:04:50 2009
  UNIT: FIO
    UKIND: 8    PKG_BODY
ENDSOURCE
SOURCE: ..\..\vector_f1-matrix_f2-fio.ads
  SRCTIME: 1253739809    Thu Sep 24 00:03:29 2009
  UNIT: FIO
    UKIND: 9    PKG_GENERIC
ENDSOURCE
SOURCE: ..\..\lab2_sepcomp3.adb
  SRCTIME: 1254246511    Tue Sep 29 20:48:31 2009
  INVALID: True
  UNIT: Vector_F1
    UKIND: 9    PKG_GENERIC
  UNIT: Vector_F1.Matrix_F2
    UKIND: 9    PKG_GENERIC
  UNIT: Vector_F1.Matrix_F2.FIO
    UKIND: 9    PKG_GENERIC
  UNIT: Vector_F1.Matrix_F2.F3
    UKIND: 9    PKG_GENERIC
  UNIT: Lab2_SepComp3
    UKIND: 2    SUBP_BODY
ENDSOURCE
